***** External Functions *****
1    AdminAskPath                                       isrt.obl(ISRTScriptDialogs.obs)
2    AllFeaturesDeselected                              iswi.obl(CompHelperFuncs.obs)
3    CHECK_RETURN                                       iswi.obl(ErrHandler.obs)
4    ChangeDirectory                                    isrt.obl(Files.obs)
5    CloseFile                                          isrt.obl(Files.obs)
6    CmdGetHwndDlg                                      isrt.obl(CustomDialog.obs)
7    ComponentCompareSizeRequired                       isrt.obl(component.obs)
8    ComponentErrorInfo                                 isrt.obl(component.obs)
9    ComponentGetData                                   isrt.obl(component.obs)
10   ComponentGetTotalCost                              isrt.obl(component.obs)
11   ComponentIsItemSelected                            isrt.obl(component.obs)
12   ComponentListItems                                 isrt.obl(component.obs)
13   ComponentReinstall                                 isrt.obl(component.obs)
14   ComponentRemoveAll                                 isrt.obl(component.obs)
15   ComponentSaveTarget                                isrt.obl(component.obs)
16   ComponentSelectItem                                isrt.obl(component.obs)
17   ComponentTransferData                              isrt.obl(component.obs)
18   ComponentTreeInit                                  isrt.obl(Dialogs.obs)
19   CreateDir                                          isrt.obl(Files.obs)
20   CreateFile                                         isrt.obl(Files.obs)
21   CreateInstallationInfo                             isrt.obl(Registry.obs)
22   CtrlGetDlgItem                                     isrt.obl(CustomDialog.obs)
23   CtrlGetNotificationCode                            isrt.obl(CustomDialog.obs)
24   CtrlGetState                                       isrt.obl(CustomDialog.obs)
25   CtrlGetSubCommand                                  isrt.obl(CustomDialog.obs)
26   CtrlGetText                                        isrt.obl(CustomDialog.obs)
27   CtrlSelectText                                     isrt.obl(CustomDialog.obs)
28   CtrlSetList                                        isrt.obl(CustomDialog.obs)
29   CtrlSetState                                       isrt.obl(CustomDialog.obs)
30   CtrlSetText                                        isrt.obl(CustomDialog.obs)
31   DefineDialog                                       isrt.obl(CustomDialog.obs)
32   DeleteFile                                         isrt.obl(Files.obs)
33   DeleteSingleFile                                   isrt.obl(Files.obs)
34   DialogSetDefaultFont                               isrt.obl(Dialogs.obs)
35   DialogSetFont                                      isrt.obl(Dialogs.obs)
36   DialogSetInfo                                      isrt.obl(Dialogs.obs)
37   Disable                                            isrt.obl(Enable.obs)
38   DllSizeOf                                          isrt.obl(Str.obs)
39   Do                                                 isrt.obl(Misc.obs)
40   Enable                                             isrt.obl(Enable.obs)
41   EndCurrentDialog                                   isrt.obl(Dialogs.obs)
42   EndDialog                                          isrt.obl(CustomDialog.obs)
43   ExistsDir                                          isrt.obl(Files.obs)
44   EzDefineDialog                                     isrt.obl(CustomDialog.obs)
45   FeatureCompareSizeRequired                         iswi.obl(FeatureConv.obs)
46   FeatureErrorInfo                                   iswi.obl(ComponentConv.obs)
47   FeatureFilterLanguage                              iswi.obl(FeatureConv.obs)
48   FeatureFilterOS                                    iswi.obl(FeatureConv.obs)
49   FeatureGetData                                     iswi.obl(ComponentConv.obs)
50   FeatureGetTotalCost                                iswi.obl(FeatureConv.obs)
51   FeatureIsItemSelected                              iswi.obl(ComponentConv.obs)
52   FeatureListItems                                   iswi.obl(ComponentConv.obs)
53   FeatureReinstall                                   iswi.obl(ComponentConv.obs)
54   FeatureRemoveAll                                   iswi.obl(ComponentConv.obs)
55   FeatureSaveTarget                                  iswi.obl(FeatureConv.obs)
56   FeatureSelectItem                                  iswi.obl(ComponentConv.obs)
57   FeatureSetupTypeSet                                iswi.obl(ComponentConv.obs)
58   FeatureStandardSetupTypeSet                        iswi.obl(FeatureConv.obs)
59   FeatureTransferData                                iswi.obl(ComponentConv.obs)
60   FeaturesInstalled                                  iswi.obl(FileTransferFuncsConv.obs)
61   FeaturesInstalling                                 iswi.obl(FileTransferFuncsConv.obs)
62   FillLists                                          isrt.obl(ISRTScriptDialogs.obs)
63   FindFile                                           isrt.obl(Files.obs)
64   FormatMessage                                      isrt.obl(Misc.obs)
65   GDI32.CreateRectRgn                                Setup.obs
66   GDI32.GetDeviceCaps                                Setup.obs
67   GeneratedMSIScript                                 iswi.obl(FileTransferFuncsConv.obs)
68   GeneratingMSIScript                                iswi.obl(FileTransferFuncsConv.obs)
69   GetBasicMSI                                        isrt.obl(SysVars.obs)
70   GetBillboard                                       isrt.obl(SysVars.obs)
71   GetCompItemList                                    iswi.obl(CompHelperFuncs.obs)
72   GetComponentsFeatures                              iswi.obl(CompHelperFuncs.obs)
73   GetCurrentDialogName                               isrt.obl(Dialogs.obs)
74   GetCurrentDir                                      isrt.obl(Files.obs)
75   GetDialogTitle                                     isrt.obl(Dialogs.obs)
76   GetDir                                             isrt.obl(Str.obs)
77   GetDisk                                            isrt.obl(Str.obs)
78   GetDiskSpace                                       isrt.obl(GSI.obs)
79   GetDiskSpaceEx                                     isrt.obl(GSI.obs)
80   GetEnabledIServices                                isrt.obl(SysVars.obs)
81   GetExtents                                         isrt.obl(GSI.obs)
82   GetFolderApplications                              isrt.obl(SysVars.obs)
83   GetFolderApplications64                            isrt.obl(SysVars.obs)
84   GetFolderDotNet10                                  isrt.obl(SysVars.obs)
85   GetFolderDotNet11                                  isrt.obl(SysVars.obs)
86   GetFolderDotNet20                                  isrt.obl(SysVars.obs)
87   GetISRes                                           isrt.obl(SysVars.obs)
88   GetInstallScriptMSIEEUI                            isrt.obl(SysVars.obs)
89   GetKeyPathWinCurrVerAuto                           isrt.obl(SysVars.obs)
90   GetMSIFeatureName                                  iswi.obl(CompHelperFuncs.obs)
91   GetMaintenance                                     iswi.obl(ISWiInit.obs)
92   GetMsiFeaturePath                                  iswi.obl(CompHelperFuncs.obs)
93   GetMsiNameFromAliasTable                           iswi.obl(CompHelperFuncs.obs)
94   GetOpenFileMode                                    isrt.obl(Files.obs)
95   GetPackageLocation                                 isrt.obl(SysVars.obs)
96   GetPlatformList                                    iswi.obl(CompHelperFuncs.obs)
97   GetProductGUID                                     iswi.obl(ISWiInit.obs)
98   GetProfString                                      isrt.obl(Profile.obs)
99   GetReinstallMode                                   isrt.obl(SysVars.obs)
100  GetRemoveAllMode                                   isrt.obl(SysVars.obs)
101  GetRemoveOnly                                      isrt.obl(SysVars.obs)
102  GetSelectedTreeComponent                           isrt.obl(CmptView.obs)
103  GetStandardSelectedLanguage                        isrt.obl(SysVars.obs)
104  GetSuiteHosted                                     isrt.obl(SysVars.obs)
105  GetSupportDir                                      isrt.obl(SysVars.obs)
106  GetSystemInfo                                      isrt.obl(GSI.obs)
107  GetTempFolder                                      isrt.obl(SysVars.obs)
108  GetUserSelectableAuto                              isrt.obl(SysVars.obs)
109  GetValidDrivesList                                 isrt.obl(GSI.obs)
110  GetWinDir                                          isrt.obl(SysVars.obs)
111  GetWinSysDir                                       isrt.obl(SysVars.obs)
112  GetWindowHandle                                    iswi.obl(MiscConv.obs)
113  HIWORD                                             isrt.obl(Misc.obs)
114  ISDeterminePlatform                                isrt.obl(OsInfo.obs)
115  ISMIF32.InstallStatusMIF                           isrt.obl(MIF.obs)
116  ISRT.ComponentViewSetInfoEx                        isrt.obl(Dialogs.obs)
117  ISRT.EnableHourGlass                               isrt.obl(Enable.obs)
118  ISRT.GetCPUType                                    isrt.obl(GSI.obs)
119  ISRT.GetFontSub                                    isrt.obl(Dialogs.obs)
120  ISRT.GetHandle                                     Setup.obs
121  ISRT.GetPorts                                      isrt.obl(GSI.obs)
122  ISRT.IsEmpty                                       Setup.obs
123  ISRT.IsNTAdmin                                     isrt.obl(Is.obs)
124  ISRT.IsObject                                      Setup.obs
125  ISRT.IsPowerUser                                   isrt.obl(Is.obs)
126  ISRT.LangLoadString                                isrt.obl(SDINT.obs)
127  ISRT.MessageBeepP                                  Setup.obs
128  ISRT.PathCompactPathPixel                          isrt.obl(CustomDialog.obs)
129  ISRT.PathGetDir                                    isrt.obl(Str.obs)
130  ISRT.PathGetDrive                                  isrt.obl(Str.obs)
131  ISRT.PathGetFile                                   isrt.obl(Files.obs)
132  ISRT.PathGetFileExt                                isrt.obl(Str.obs)
133  ISRT.PathGetFileName                               isrt.obl(Str.obs)
134  ISRT.PathGetPath                                   isrt.obl(Str.obs)
135  ISRT.PathIsValidSyntax                             isrt.obl(Is.obs)
136  ISRT.VerGetFileVersion                             Setup.obs
137  ISRT._BrowseForFolder                              isrt.obl(ISRTScriptDialogsPriv.obs)
138  ISRT._CloseFile                                    isrt.obl(Files.obs)
139  ISRT._CmdGetHwndDlg                                isrt.obl(CustomDialog.obs)
140  ISRT._ComponentCompareSizeRequired                 iswi.obl(FeatureConv.obs)
141  ISRT._ComponentFilterLanguage                      iswi.obl(FeatureConv.obs)
142  ISRT._ComponentFilterOS                            iswi.obl(FeatureConv.obs)
143  ISRT._ComponentGetTotalCost                        iswi.obl(FeatureConv.obs)
144  ISRT._ComponentGetTotalCostEx                      Setup.obs
145  ISRT._ComponentSaveTarget                          iswi.obl(FeatureConv.obs)
146  ISRT._CreateDir                                    isrt.obl(Files.obs)
147  ISRT._CtrlGetNotificationCode                      isrt.obl(CustomDialog.obs)
148  ISRT._CtrlGetParentWindowHelper                    iswi.obl(MiscConv.obs)
149  ISRT._CtrlGetSubCommand                            isrt.obl(CustomDialog.obs)
150  ISRT._CtrlSetHtmlContent                           isrt.obl(CustomDialog.obs)
151  ISRT._DefineDialog                                 isrt.obl(CustomDialog.obs)
152  ISRT._DialogSetFont                                isrt.obl(Dialogs.obs)
153  ISRT._DisableStatus                                isrt.obl(Enable.obs)
154  ISRT._DoSprintf                                    iswi.obl(HelperFuncs.obs)
155  ISRT._EnableDialogCache                            isrt.obl(Enable.obs)
156  ISRT._EnablePrevDialog                             Setup.obs
157  ISRT._EnableSkins                                  isrt.obl(Enable.obs)
158  ISRT._EnableStatus                                 isrt.obl(Enable.obs)
159  ISRT._EnableWow64FsRedirection                     isrt.obl(Enable.obs)
160  ISRT._EndDialog                                    isrt.obl(CustomDialog.obs)
161  ISRT._ExistsDir                                    isrt.obl(Files.obs)
162  ISRT._ExistsFile                                   isrt.obl(Files.obs)
163  ISRT._FloatingPointOperation                       Setup.obs
164  ISRT._GetCurrentDialogName                         isrt.obl(Dialogs.obs)
165  ISRT._GetDiskSpaceEx                               isrt.obl(GSI.obs)
166  ISRT._GetDiskSpaceExEx                             Setup.obs
167  ISRT._GetGlobalMemorySize                          isrt.obl(GSI.obs)
168  ISRT._GetProcessorInfo                             isrt.obl(OsInfo.obs)
169  ISRT._GetSelectedTreeComponent                     isrt.obl(CmptView.obs)
170  ISRT._GetStandardLangId                            isrt.obl(Misc.obs)
171  ISRT._GetSupportDir                                isrt.obl(SysVars.obs)
172  ISRT._GetVirtualMachineType                        isrt.obl(GSI.obs)
173  ISRT._IsFontTypefaceNameAvailable                  isrt.obl(Is.obs)
174  ISRT._IsInAdminGroup                               isrt.obl(Is.obs)
175  ISRT._IsLangSupported                              isrt.obl(Is.obs)
176  ISRT._IsSkinLoaded                                 isrt.obl(Is.obs)
177  ISRT._IsVirtualMachine                             isrt.obl(OsInfo.obs)
178  ISRT._IsWindowsME                                  isrt.obl(GSI.obs)
179  ISRT._IsWow64                                      isrt.obl(OsInfo.obs)
180  ISRT._ListAddItem                                  isrt.obl(scrlist.obs)
181  ISRT._ListAddString                                isrt.obl(scrlist.obs)
182  ISRT._ListCount                                    isrt.obl(scrlist.obs)
183  ISRT._ListCreate                                   isrt.obl(scrlist.obs)
184  ISRT._ListCurrentString                            isrt.obl(scrlist.obs)
185  ISRT._ListDeleteItem                               isrt.obl(scrlist.obs)
186  ISRT._ListDeleteString                             isrt.obl(scrlist.obs)
187  ISRT._ListDestroy                                  isrt.obl(scrlist.obs)
188  ISRT._ListFindItem                                 isrt.obl(scrlist.obs)
189  ISRT._ListFindString                               isrt.obl(scrlist.obs)
190  ISRT._ListGetFirstItem                             isrt.obl(scrlist.obs)
191  ISRT._ListGetFirstString                           isrt.obl(scrlist.obs)
192  ISRT._ListGetNextItem                              isrt.obl(scrlist.obs)
193  ISRT._ListGetNextString                            isrt.obl(scrlist.obs)
194  ISRT._ListGetType                                  isrt.obl(scrlist.obs)
195  ISRT._ListSetIndex                                 isrt.obl(scrlist.obs)
196  ISRT._MediaGetFilteringInfo                        iswi.obl(FeatureConv.obs)
197  ISRT._MediaGetInfo                                 iswi.obl(FeatureConv.obs)
198  ISRT._OpenFile                                     isrt.obl(Files.obs)
199  ISRT._Preprogram                                   Setup.obs
200  ISRT._RegCreateKey                                 isrt.obl(Registry.obs)
201  ISRT._RegEnableTextSubs                            isrt.obl(Enable.obs)
202  ISRT._RegGetOptions                                isrt.obl(SysVars.obs)
203  ISRT._RegIsRemoteRegConnected                      isrt.obl(Is.obs)
204  ISRT._RegQueryKeyBinaryValue                       isrt.obl(Registry.obs)
205  ISRT._RegQueryKeyValue                             isrt.obl(Registry.obs)
206  ISRT._RegSetOptions                                isrt.obl(SysVars.obs)
207  ISRT._ReleaseDialog                                isrt.obl(CustomDialog.obs)
208  ISRT._SdShowMsg                                    isrt.obl(ISRTScriptDialogsPriv.obs)
209  ISRT._SetAltMainImage                              isrt.obl(Dialogs.obs)
210  ISRT._SetDisplayEffect                             isrt.obl(ui.obs)
211  ISRT._SetSilentSdShowMsg                           isrt.obl(Enable.obs)
212  ISRT._SetTitle                                     isrt.obl(ui.obs)
213  ISRT._SetupTraceWrite                              isrt.obl(Misc.obs)
214  ISRT._TreeViewCreate                               isrt.obl(CmptView.obs)
215  ISRT._WaitOnDialog                                 isrt.obl(CustomDialog.obs)
216  ISRT._WriteLine                                    isrt.obl(Files.obs)
217  ISRT.__CreateObjectContext                         isrt.obl(ISRTInit.obs)
218  ISRT.__GetCmdLineOptions                           isrt.obl(ISRTInit.obs)
219  ISRT.__GetContextGUID                              isrt.obl(ISRTInit.obs)
220  ISRT.__GetEnabledIServices                         isrt.obl(SysVars.obs)
221  ISRT.__GetFileRegistrar                            isrt.obl(ISRTInit.obs)
222  ISRT.__GetISMSIStringTableObj                      iswi.obl(ISWiInit.obs)
223  ISRT.__GetInfo                                     isrt.obl(ISRTInit.obs)
224  ISRT.__GetInstallGuid                              isrt.obl(SysVars.obs)
225  ISRT.__GetLogDB                                    isrt.obl(ISRTInit.obs)
226  ISRT.__GetMainWindow                               Setup.obs
227  ISRT.__GetMaintOption                              isrt.obl(SysVars.obs)
228  ISRT.__GetMaintenanceMode                          isrt.obl(SysVars.obs)
229  ISRT.__GetObjects                                  isrt.obl(ISRTInit.obs)
230  ISRT.__GetProductGuid                              isrt.obl(SysVars.obs)
231  ISRT.__GetProgress                                 Setup.obs
232  ISRT.__GetReboot                                   isrt.obl(ISRTInit.obs)
233  ISRT.__GetReinstallMode                            isrt.obl(SysVars.obs)
234  ISRT.__GetRemoveAllMode                            isrt.obl(SysVars.obs)
235  ISRT.__GetTextSub                                  isrt.obl(ISRTInit.obs)
236  ISRT.__GetUpdateMode                               isrt.obl(SysVars.obs)
237  ISRT.__PutEnabledIServices                         isrt.obl(Enable.obs)
238  ISRT.__ReleaseObjectContext                        isrt.obl(ISRTInit.obs)
239  ISRT.__RestoreMainLog                              isrt.obl(ISRTInit.obs)
240  ISRT.__RestoreMainLogEx                            isrt.obl(ISRTInit.obs)
241  ISRT.__SetComponentLog                             isrt.obl(ISRTInit.obs)
242  ISRT.__SetUpdateMode                               isrt.obl(SysVars.obs)
243  ISRTHandleScriptException                          isrt.obl(Misc.obs)
244  ISRTPreprogram                                     isrt.obl(Driver.obs)
245  ISWIOnAppSearch                                    iswi.obl(DriverConv.obs)
246  ISWIOnCCPSearch                                    iswi.obl(DriverConv.obs)
247  ISWIOnExitInstall                                  iswi.obl(DriverConv.obs)
248  ISWIOnFirstUIAfter                                 iswi.obl(DriverConv.obs)
249  ISWIOnFirstUIBefore                                iswi.obl(DriverConv.obs)
250  ISWIOnInitInstall                                  iswi.obl(DriverConv.obs)
251  ISWIOnMaintUIAfter                                 iswi.obl(DriverConv.obs)
252  ISWIOnMaintUIBefore                                iswi.obl(DriverConv.obs)
253  ISWIOnMoveData                                     iswi.obl(DriverConv.obs)
254  ISWIOnMoveDataPostInstall                          iswi.obl(DriverConv.obs)
255  ISWIOnMoveDataPreInstall                           iswi.obl(DriverConv.obs)
256  ISWIOnResumeUIAfter                                iswi.obl(DriverConv.obs)
257  ISWIOnResumeUIBefore                               iswi.obl(DriverConv.obs)
258  ISWIPostprogram                                    iswi.obl(DriverConv.obs)
259  ISWIPreprogram                                     iswi.obl(DriverConv.obs)
260  InstallFilesActionAfter                            iswi.obl(FileTransferFuncsConv.obs)
261  InstallFilesActionBefore                           iswi.obl(FileTransferFuncsConv.obs)
262  Is                                                 isrt.obl(Is.obs)
263  IsComponentFiltered                                iswi.obl(CompHelperFuncs.obs)
264  IsTestSetup                                        iswi.obl(HelperFuncs.obs)
265  KERNEL.GetModuleHandle                             Setup.obs
266  KERNEL32.CloseHandle                               Setup.obs
267  KERNEL32.CreateFileW                               Setup.obs
268  KERNEL32.DeleteFileW                               Setup.obs
269  KERNEL32.FindClose                                 Setup.obs
270  KERNEL32.FindFirstFileW                            Setup.obs
271  KERNEL32.FindNextFileW                             Setup.obs
272  KERNEL32.FormatMessageW                            Setup.obs
273  KERNEL32.FreeLibrary                               Setup.obs
274  KERNEL32.GetCurrentDirectoryW                      Setup.obs
275  KERNEL32.GetDriveType                              Setup.obs
276  KERNEL32.GetFileAttributesW                        Setup.obs
277  KERNEL32.GetLocalTime                              Setup.obs
278  KERNEL32.GetLocaleInfo                             Setup.obs
279  KERNEL32.GetPrivateProfileString                   Setup.obs
280  KERNEL32.GetPrivateProfileStringW                  Setup.obs
281  KERNEL32.GetProcAddress                            Setup.obs
282  KERNEL32.GetProfileStringW                         Setup.obs
283  KERNEL32.GetSystemDefaultLCID                      Setup.obs
284  KERNEL32.GetSystemDefaultLangID                    Setup.obs
285  KERNEL32.GetSystemDefaultUILanguage                Setup.obs
286  KERNEL32.GetUserDefaultLangID                      Setup.obs
287  KERNEL32.GetVersion                                Setup.obs
288  KERNEL32.GetVersionEx                              Setup.obs
289  KERNEL32.GetVolumeInformation                      Setup.obs
290  KERNEL32.GetWindowsDirectory                       Setup.obs
291  KERNEL32.GetWindowsDirectoryW                      Setup.obs
292  KERNEL32.LoadLibraryW                              Setup.obs
293  KERNEL32.SetCurrentDirectoryW                      Setup.obs
294  KERNEL32.SetFileAttributesW                        Setup.obs
295  KERNEL32.WritePrivateProfileString                 Setup.obs
296  KERNEL32.lstrlenW                                  Setup.obs
297  Kernel32.GetModuleHandleW                          iswi.obl(ComponentConv.obs)
298  LOWORD                                             isrt.obl(Misc.obs)
299  LaunchAppAndWaitInitStartupInfo                    isrt.obl(Extend.obs)
300  LaunchApplicationInit                              isrt.obl(Extend.obs)
301  ListAddItem                                        isrt.obl(scrlist.obs)
302  ListAddString                                      isrt.obl(scrlist.obs)
303  ListConvertStrToNum                                isrt.obl(scrlist.obs)
304  ListCount                                          isrt.obl(scrlist.obs)
305  ListCreate                                         isrt.obl(scrlist.obs)
306  ListCurrentString                                  isrt.obl(scrlist.obs)
307  ListDeleteItem                                     isrt.obl(scrlist.obs)
308  ListDeleteString                                   isrt.obl(scrlist.obs)
309  ListDestroy                                        isrt.obl(scrlist.obs)
310  ListFindItem                                       isrt.obl(scrlist.obs)
311  ListFindString                                     isrt.obl(scrlist.obs)
312  ListGetFirstItem                                   isrt.obl(scrlist.obs)
313  ListGetFirstString                                 isrt.obl(scrlist.obs)
314  ListGetLastString                                  iswi.obl(CompHelperFuncs.obs)
315  ListGetNextItem                                    isrt.obl(scrlist.obs)
316  ListGetNextString                                  isrt.obl(scrlist.obs)
317  ListGetType                                        isrt.obl(scrlist.obs)
318  ListSetIndex                                       isrt.obl(scrlist.obs)
319  ListValid                                          isrt.obl(scrlist.obs)
320  ListValidType                                      isrt.obl(scrlist.obs)
321  LoadStringFromStringTable                          iswi.obl(ISWiInit.obs)
322  LongPathToQuote                                    isrt.obl(Str.obs)
323  MAKELONG                                           isrt.obl(Misc.obs)
324  MIFCreateMIFFile                                   isrt.obl(MIF.obs)
325  MIFDeleteMIFFile                                   isrt.obl(MIF.obs)
326  MIFInitialize                                      isrt.obl(MIF.obs)
327  MIFSetInformation                                  isrt.obl(MIF.obs)
328  MIFUnInitialize                                    isrt.obl(MIF.obs)
329  MIFWasSetInformationCalled                         isrt.obl(MIF.obs)
330  MediaGetDataEx                                     iswi.obl(FeatureConv.obs)
331  MessageBeep                                        isrt.obl(Misc.obs)
332  MessageBox                                         isrt.obl(ISRTScriptDialogsPriv.obs)
333  MessageBoxEx                                       isrt.obl(ISRTScriptDialogsPriv.obs)
334  Moved                                              iswi.obl(FileTransferFuncsConv.obs)
335  Moving                                             iswi.obl(FileTransferFuncsConv.obs)
336  MsiCloseHandle                                     iswi.obl(MsiFuncsConv.obs)
337  MsiCreateRecord                                    iswi.obl(MsiFuncsConv.obs)
338  MsiDatabaseOpenView                                iswi.obl(MsiFuncsConv.obs)
339  MsiDoAction                                        iswi.obl(MsiFuncsConv.obs)
340  MsiGetActiveDatabase                               iswi.obl(MsiFuncsConv.obs)
341  MsiGetMode                                         iswi.obl(MsiFuncsConv.obs)
342  MsiGetProperty                                     iswi.obl(MsiFuncsConv.obs)
343  MsiGetPropertyIS                                   iswi.obl(MsiFuncsConv.obs)
344  MsiGetSourcePath                                   iswi.obl(MsiFuncsConv.obs)
345  MsiGetTargetPath                                   iswi.obl(MsiFuncsConv.obs)
346  MsiInstallProduct                                  iswi.obl(MsiFuncsConv.obs)
347  MsiProcessMessage                                  iswi.obl(MsiFuncsConv.obs)
348  MsiQueryFeatureState                               iswi.obl(MsiFuncsConv.obs)
349  MsiRecordGetInteger                                iswi.obl(MsiFuncsConv.obs)
350  MsiRecordGetString                                 iswi.obl(MsiFuncsConv.obs)
351  MsiRecordSetString                                 iswi.obl(MsiFuncsConv.obs)
352  MsiSetProperty                                     iswi.obl(MsiFuncsConv.obs)
353  MsiSetTargetPath                                   iswi.obl(MsiFuncsConv.obs)
354  MsiViewExecute                                     iswi.obl(MsiFuncsConv.obs)
355  MsiViewFetch                                       iswi.obl(MsiFuncsConv.obs)
356  OnAbort                                            iswi.obl(DriverConv.obs)
357  OnAction                                           iswi.obl(ISWiInit.obs)
358  OnAdminInstallUIAfter                              iswi.obl(DriverConv.obs)
359  OnAdminInstallUIBefore                             iswi.obl(DriverConv.obs)
360  OnAdminPatchUIAfter                                iswi.obl(DriverConv.obs)
361  OnAdminPatchUIBefore                               iswi.obl(DriverConv.obs)
362  OnAdvertisementAfter                               iswi.obl(DriverConv.obs)
363  OnAdvertisementBefore                              iswi.obl(DriverConv.obs)
364  OnAppSearch                                        iswi.obl(DriverConv.obs)
365  OnBegin                                            iswi.obl(DriverConv.obs)
366  OnCCPSearch                                        iswi.obl(DriverConv.obs)
367  OnCanceling                                        iswi.obl(DriverConv.obs)
368  OnComponentError                                   iswi.obl(DriverConv.obs)
369  OnDIFxLogCallback                                  isrt.obl(ISDIFx.obs)
370  OnDIFxLogCallbackImpl                              isrt.obl(ISDIFx.obs)
371  OnEnd                                              iswi.obl(DriverConv.obs)
372  OnError                                            iswi.obl(DriverConv.obs)
373  OnException                                        iswi.obl(DriverConv.obs)
374  OnFeaturesInstalled                                iswi.obl(FileTransferFuncsConv.obs)
375  OnFeaturesInstalling                               iswi.obl(FileTransferFuncsConv.obs)
376  OnFileError                                        iswi.obl(Exceptions.obs)
377  OnFileLocked                                       iswi.obl(Exceptions.obs)
378  OnFileReadOnly                                     iswi.obl(Exceptions.obs)
379  OnFilesInUse                                       iswi.obl(DriverConv.obs)
380  OnFilterComponents                                 iswi.obl(DriverConv.obs)
381  OnFirstUIAfter                                     iswi.obl(DriverConv.obs)
382  OnFirstUIBefore                                    iswi.obl(DriverConv.obs)
383  OnGeneratedMSIScript                               iswi.obl(DriverConv.obs)
384  OnGeneratingMSIScript                              iswi.obl(DriverConv.obs)
385  OnHelp                                             iswi.obl(DriverConv.obs)
386  OnInstallFilesActionAfter                          iswi.obl(DriverConv.obs)
387  OnInstallFilesActionBefore                         iswi.obl(DriverConv.obs)
388  OnInternetError                                    iswi.obl(Exceptions.obs)
389  OnLaunchAppAndWaitCallback                         iswi.obl(DriverConv.obs)
390  OnLogonUserSetMsiProperties                        iswi.obl(DriverConv.obs)
391  OnMD5Error                                         iswi.obl(Exceptions.obs)
392  OnMaintUIAfter                                     iswi.obl(DriverConv.obs)
393  OnMaintUIBefore                                    iswi.obl(DriverConv.obs)
394  OnMaintenance                                      iswi.obl(DriverConv.obs)
395  OnMoved                                            iswi.obl(DriverConv.obs)
396  OnMoving                                           iswi.obl(DriverConv.obs)
397  OnMsiSilentInstall                                 iswi.obl(DriverConv.obs)
398  OnNetApiCreateUserAccountInternal                  isrt.obl(NetApiRT.obs)
399  OnNextDisk                                         iswi.obl(Exceptions.obs)
400  OnOutOfDiskSpace                                   iswi.obl(DriverConv.obs)
401  OnPatchUIAfter                                     iswi.obl(DriverConv.obs)
402  OnPatchUIBefore                                    iswi.obl(DriverConv.obs)
403  OnRMFilesInUse                                     iswi.obl(DriverConv.obs)
404  OnRebooted                                         iswi.obl(DriverConv.obs)
405  OnRemovingSharedFile                               iswi.obl(Exceptions.obs)
406  OnResume                                           iswi.obl(DriverConv.obs)
407  OnResumeUIAfter                                    iswi.obl(DriverConv.obs)
408  OnResumeUIBefore                                   iswi.obl(DriverConv.obs)
409  OnSQLLogin                                         iswi.obl(DriverConv.obs)
410  OnSelfRegistrationError                            iswi.obl(Exceptions.obs)
411  OnUnhandledException                               iswi.obl(DriverConv.obs)
412  OnUninstall                                        iswi.obl(DriverConv.obs)
413  OnUpdateService                                    iswi.obl(DriverConv.obs)
414  OnWarning                                          iswi.obl(DriverConv.obs)
415  OpenFile                                           isrt.obl(Files.obs)
416  OpenFileMode                                       isrt.obl(Files.obs)
417  ParsePath                                          isrt.obl(Str.obs)
418  PopulateColumnHeaders                              isrt.obl(ISRTScriptDialogs.obs)
419  PopulateListView                                   isrt.obl(ISRTScriptDialogs.obs)
420  PostShowComponentDlg                               iswi.obl(ISWiInit.obs)
421  Postprogram                                        iswi.obl(DriverConv.obs)
422  PreShowComponentDlg                                iswi.obl(ISWiInit.obs)
423  Preprogram                                         iswi.obl(DriverConv.obs)
424  ProgramEeuiPostInstall                             iswi.obl(DriverConv.obs)
425  ProgramEeuiPreInstall                              iswi.obl(DriverConv.obs)
426  PthFixPath                                         isrt.obl(Pth.obs)
427  PthIsAbsPath                                       isrt.obl(Pth.obs)
428  RebootNeeded                                       iswi.obl(FileTransferFuncsConv.obs)
429  RedirectMsiCloseHandle                             iswi.obl(RedirectedMsiFuncsConv.obs)
430  RedirectMsiCreateRecord                            iswi.obl(RedirectedMsiFuncsConv.obs)
431  RedirectMsiGetActiveDatabase                       iswi.obl(RedirectedMsiFuncsConv.obs)
432  RedirectMsiGetMode                                 iswi.obl(RedirectedMsiFuncsConv.obs)
433  RedirectMsiProcessMessage                          iswi.obl(RedirectedMsiFuncsConv.obs)
434  RedirectMsiRecordGetInteger                        iswi.obl(RedirectedMsiFuncsConv.obs)
435  RedirectMsiViewExecute                             iswi.obl(RedirectedMsiFuncsConv.obs)
436  RedirectMsiViewFetch                               iswi.obl(RedirectedMsiFuncsConv.obs)
437  RegDBGetItem                                       isrt.obl(Registry.obs)
438  RegDBGetKeyValueEx                                 isrt.obl(Registry.obs)
439  RegDBQueryValue                                    isrt.obl(Registry.obs)
440  RegDBQueryValue32                                  isrt.obl(Registry.obs)
441  ReleaseDialog                                      isrt.obl(CustomDialog.obs)
442  RemoveSpaces                                       iswi.obl(HelperFuncs.obs)
443  ResolveShellObjectsFolder                          iswi.obl(CompHelperFuncs.obs)
444  SdAskDestPath                                      isrt.obl(ISRTScriptDialogs.obs)
445  SdCloseDlg                                         isrt.obl(SDINT.obs)
446  SdComponentDlgCheckSpace                           isrt.obl(SDINT.obs)
447  SdDiskSpace2                                       isrt.obl(ISRTScriptDialogs.obs)
448  SdDlgToTop                                         isrt.obl(SDINT.obs)
449  SdDoStdButton                                      isrt.obl(SDINT.obs)
450  SdEnablement                                       isrt.obl(SDINT.obs)
451  SdError                                            isrt.obl(SDINT.obs)
452  SdFeatureTree                                      isrt.obl(ISRTScriptDialogs.obs)
453  SdFilesInUse                                       isrt.obl(ISRTScriptDialogs.obs)
454  SdFinish                                           isrt.obl(ISRTScriptDialogs.obs)
455  SdFinishReboot                                     isrt.obl(ISRTScriptDialogs.obs)
456  SdGeneralInit                                      isrt.obl(SDINT.obs)
457  SdInit                                             isrt.obl(SDINT.obs)
458  SdIsStdButton                                      isrt.obl(SDINT.obs)
459  SdLoadString                                       isrt.obl(SDINT.obs)
460  SdMakeName                                         isrt.obl(SDINT.obs)
461  SdPatchWelcome                                     isrt.obl(ISRTScriptDialogs.obs)
462  SdPlugInProductName                                isrt.obl(SDINT.obs)
463  SdRMFilesInUse                                     isrt.obl(ISRTScriptDialogs.obs)
464  SdRegisterUser                                     isrt.obl(ISRTScriptDialogs.obs)
465  SdSetDlgTitle                                      isrt.obl(SDINT.obs)
466  SdSetStatic                                        isrt.obl(SDINT.obs)
467  SdSetupCompleteError                               isrt.obl(ISRTScriptDialogs.obs)
468  SdShowMsg                                          isrt.obl(ISRTScriptDialogsPriv.obs)
469  SdStartCopy2                                       isrt.obl(ISRTScriptDialogs.obs)
470  SdSubstituteProductInfo                            isrt.obl(SDINT.obs)
471  SdUnInit                                           isrt.obl(SDINT.obs)
472  SdWelcome                                          isrt.obl(ISRTScriptDialogs.obs)
473  SdWelcomeMaint                                     isrt.obl(ISRTScriptDialogs.obs)
474  SelectDir                                          isrt.obl(ISRTScriptDialogsPriv.obs)
475  SelectDirNoLog                                     isrt.obl(ISRTScriptDialogsPriv.obs)
476  SendMessage                                        isrt.obl(Misc.obs)
477  ServiceInitParams                                  isrt.obl(Service.obs)
478  SetCmdLine                                         isrt.obl(SysVars.obs)
479  SetDisplayEffect                                   isrt.obl(ui.obs)
480  SetExtendedErrInfo                                 isrt.obl(IsUtil.obs)
481  SetGlobalVars                                      iswi.obl(ISWiInit.obs)
482  SetInstallationInfo                                isrt.obl(Registry.obs)
483  SetMifInformationOnly                              isrt.obl(Registry.obs)
484  SetStatusExStaticText                              isrt.obl(ui.obs)
485  SetStatusWindow                                    isrt.obl(ui.obs)
486  SetTitle                                           isrt.obl(ui.obs)
487  SetupTraceWrite                                    isrt.obl(Misc.obs)
488  SetupType2                                         isrt.obl(ISRTScriptDialogs.obs)
489  SilentDoGeneralInfo                                isrt.obl(Silent.obs)
490  SilentFailed                                       isrt.obl(Silent.obs)
491  SilentFinish                                       isrt.obl(Silent.obs)
492  SilentInit                                         isrt.obl(Silent.obs)
493  SilentReadData                                     isrt.obl(Silent.obs)
494  SilentSetInfo                                      isrt.obl(Silent.obs)
495  SilentSetMode                                      isrt.obl(Silent.obs)
496  SilentWriteData                                    isrt.obl(Silent.obs)
497  Sprintf                                            isrt.obl(Str.obs)
498  SprintfBox                                         isrt.obl(ISRTScriptDialogsPriv.obs)
499  SprintfMsiLog                                      iswi.obl(HelperFuncs.obs)
500  StrAddLastSlash                                    isrt.obl(Str.obs)
501  StrConvertSizeUnit                                 isrt.obl(Str.obs)
502  StrDelete                                          iswi.obl(HelperFuncs.obs)
503  StrFindEx                                          isrt.obl(Str.obs)
504  StrGetTokens                                       isrt.obl(Str.obs)
505  StrLength                                          isrt.obl(Str.obs)
506  StrParseMSIMessage                                 isrt.obl(Str.obs)
507  StrRemoveLastSlash                                 isrt.obl(Str.obs)
508  StrReplace                                         isrt.obl(Str.obs)
509  StrToNumHex                                        isrt.obl(Str.obs)
510  StrToUpper                                         isrt.obl(Str.obs)
511  StrTrim                                            isrt.obl(Str.obs)
512  SuiteLogInfo                                       isrt.obl(SuiteWrappers.obs)
513  SuiteReportError                                   isrt.obl(SuiteWrappers.obs)
514  SysVarsInit                                        isrt.obl(SysVars.obs)
515  SysVarsInitConv                                    iswi.obl(SysVarsConv.obs)
516  SysVarsTrace                                       isrt.obl(SysVars.obs)
517  SysVarsUnInit                                      iswi.obl(SysVarsConv.obs)
518  System                                             isrt.obl(Misc.obs)
519  SystemRestoreCancelRestorePointIS                  isrt.obl(PCRestore.obs)
520  SystemRestoreCloseRestorePointIS                   isrt.obl(PCRestore.obs)
521  SystemRestoreDisableIS                             isrt.obl(PCRestore.obs)
522  SystemRestoreIsEnabledIS                           isrt.obl(PCRestore.obs)
523  SystemRestoreOpenRestorePointIS                    isrt.obl(PCRestore.obs)
524  TextSubGetValue                                    isrt.obl(TextSub.obs)
525  TextSubParseTextSub                                isrt.obl(TextSub.obs)
526  TextSubSetValue                                    isrt.obl(TextSub.obs)
527  TreeViewCreate                                     isrt.obl(CmptView.obs)
528  USER.EnableWindow                                  Setup.obs
529  USER.GetClassName                                  Setup.obs
530  USER.GetDC                                         Setup.obs
531  USER.GetDlgItem                                    Setup.obs
532  USER.GetFocus                                      Setup.obs
533  USER.GetWindowLong                                 Setup.obs
534  USER.GetWindowRect                                 Setup.obs
535  USER.IsIconic                                      Setup.obs
536  USER.IsWindow                                      Setup.obs
537  USER.ReleaseDC                                     Setup.obs
538  USER.SendMessageW                                  Setup.obs
539  USER.SetFocus                                      Setup.obs
540  USER.SetWindowPos                                  Setup.obs
541  USER.SetWindowText                                 Setup.obs
542  USER.ShowWindow                                    Setup.obs
543  USER32.CharUpperBuffW                              Setup.obs
544  USER32.DestroyWindow                               Setup.obs
545  USER32.GetDesktopWindow                            Setup.obs
546  USER32.GetSystemMetrics                            Setup.obs
547  USER32.GetWindowText                               Setup.obs
548  USER32.GetWindowTextLength                         Setup.obs
549  USER32.IsWindowVisible                             Setup.obs
550  USER32.MessageBoxW                                 Setup.obs
551  USER32.SendMessageW                                Setup.obs
552  USER32.SetForegroundWindow                         Setup.obs
553  USER32.SetWindowLong                               Setup.obs
554  USER32.SetWindowRgn                                Setup.obs
555  UpdateDirectoryPathForIsMsiEeui                    iswi.obl(HelperFuncs.obs)
556  UpdateServiceEnableUpdateService                   isrt.obl(ISUpdateService.obs)
557  User32.LoadStringW                                 iswi.obl(ComponentConv.obs)
558  VarInit                                            isrt.obl(SysVars.obs)
559  VarRestore                                         iswi.obl(SysVarsConv.obs)
560  VarRestoreISRT                                     isrt.obl(SysVars.obs)
561  VarSave                                            iswi.obl(SysVarsConv.obs)
562  VarSaveISRT                                        isrt.obl(SysVars.obs)
563  VerCompare                                         isrt.obl(version.obs)
564  VerProductGetInstalledVersion                      isrt.obl(version.obs)
565  VerProductNumToStr                                 isrt.obl(version.obs)
566  VerProductVerPartsFromVer                          isrt.obl(version.obs)
567  WaitOnDialog                                       isrt.obl(CustomDialog.obs)
568  WriteLine                                          isrt.obl(Files.obs)
569  __AddStringToArray                                 iswi.obl(HelperFuncs.obs)
570  __Begin                                            iswi.obl(DriverConv.obs)
571  __ComponentListItemsEx                             iswi.obl(CompHelperFuncs.obs)
572  __ComponentListItemsExInstall                      iswi.obl(CompHelperFuncs.obs)
573  __ComponentListItemsExUnInstall                    iswi.obl(CompHelperFuncs.obs)
574  __ComponentMoveXferData                            iswi.obl(CompHelperFuncs.obs)
575  __End                                              iswi.obl(DriverConv.obs)
576  __GetFinishMode                                    iswi.obl(ISWiInit.obs)
577  __GetMsiHandle                                     iswi.obl(SysVarsConv.obs)
578  __GetSourceDir                                     iswi.obl(SysVarsConv.obs)
579  __HandleError                                      iswi.obl(ErrHandler.obs)
580  __ISRTDoExit                                       isrt.obl(Misc.obs)
581  __ISRTInit                                         isrt.obl(ISRTInit.obs)
582  __ISRTRestoreMainLog                               isrt.obl(ISRTInit.obs)
583  __ISRTRestoreMainLogEx                             isrt.obl(ISRTInit.obs)
584  __ISRTSetComponentLog                              isrt.obl(ISRTInit.obs)
585  __ISRTUnInit                                       isrt.obl(ISRTInit.obs)
586  __ISWIInit                                         iswi.obl(ISWiInit.obs)
587  __ISWIMsiHandle                                    iswi.obl(ISWiInit.obs)
588  __ISWIUnInit                                       iswi.obl(ISWiInit.obs)
589  __IsArrayEmpty                                     iswi.obl(HelperFuncs.obs)
590  __LoadIScriptString                                isrt.obl(LoadStr.obs)
591  __Moved                                            iswi.obl(FileTransferFuncsConv.obs)
592  __Moving                                           iswi.obl(FileTransferFuncsConv.obs)
593  __MsiOpenView                                      iswi.obl(CompHelperFuncs.obs)
594  __MsiQueryFeatureState                             iswi.obl(MsiWrappersConv.obs)
595  __MsiRecordGetString                               iswi.obl(MsiWrappersConv.obs)
596  __OnAbort                                          iswi.obl(DriverConv.obs)
597  __OnAdminPatch                                     iswi.obl(DriverConv.obs)
598  __OnAdministrativeInstall                          iswi.obl(DriverConv.obs)
599  __OnAdvertisement                                  iswi.obl(DriverConv.obs)
600  __OnBegin                                          iswi.obl(DriverConv.obs)
601  __OnCanceling                                      iswi.obl(DriverConv.obs)
602  __OnEnd                                            iswi.obl(DriverConv.obs)
603  __OnError                                          iswi.obl(DriverConv.obs)
604  __OnMsiMaintenance                                 iswi.obl(DriverConv.obs)
605  __OnMsiRebooted                                    iswi.obl(DriverConv.obs)
606  __OnMsiSilentInstall                               iswi.obl(DriverConv.obs)
607  __OnMsiUninstall                                   iswi.obl(DriverConv.obs)
608  __OnPatch                                          iswi.obl(DriverConv.obs)
609  __OnResume                                         iswi.obl(DriverConv.obs)
610  __OnWarning                                        iswi.obl(DriverConv.obs)
611  __ResetMsiObject                                   iswi.obl(ISWiInit.obs)
612  __SetMaintenance                                   iswi.obl(ISWiInit.obs)
613  __SetMsiHandle                                     iswi.obl(SysVarsConv.obs)
614  __SetMsiServer                                     iswi.obl(ISWiInit.obs)
615  __SetPatch                                         iswi.obl(SysVarsConv.obs)
616  __SetSourceDir                                     iswi.obl(SysVarsConv.obs)
617  isrt._ComponentGetData                             iswi.obl(ComponentConv.obs)
618  isrt._ComponentIsItemSelected                      iswi.obl(ComponentConv.obs)
619  isrt._ComponentListItems                           iswi.obl(ComponentConv.obs)
620  isrt._ComponentReinstall                           iswi.obl(ComponentConv.obs)
621  isrt._ComponentRemoveAll                           iswi.obl(ComponentConv.obs)
622  isrt._ComponentSelectItem                          iswi.obl(ComponentConv.obs)
623  isrt._ComponentSetupTypeSet                        iswi.obl(ComponentConv.obs)
624  isrt._EnableDialogCache                            iswi.obl(ISWiInit.obs)
625  msi.MsiCloseHandle                                 iswi.obl(RedirectedMsiFuncsConv.obs)
626  msi.MsiCreateRecord                                iswi.obl(RedirectedMsiFuncsConv.obs)
627  msi.MsiDatabaseOpenViewW                           Setup.obs
628  msi.MsiDoActionW                                   Setup.obs
629  msi.MsiGetActiveDatabase                           iswi.obl(RedirectedMsiFuncsConv.obs)
630  msi.MsiGetMode                                     iswi.obl(RedirectedMsiFuncsConv.obs)
631  msi.MsiGetProductInfoW                             Setup.obs
632  msi.MsiGetPropertyW                                Setup.obs
633  msi.MsiGetSourcePathW                              Setup.obs
634  msi.MsiGetTargetPathW                              Setup.obs
635  msi.MsiProcessMessage                              iswi.obl(RedirectedMsiFuncsConv.obs)
636  msi.MsiQueryFeatureStateW                          Setup.obs
637  msi.MsiRecordGetInteger                            iswi.obl(RedirectedMsiFuncsConv.obs)
638  msi.MsiRecordGetStringW                            Setup.obs
639  msi.MsiRecordSetStringW                            Setup.obs
640  msi.MsiSetPropertyW                                Setup.obs
641  msi.MsiSetTargetPathW                              Setup.obs
642  msi.MsiViewExecute                                 iswi.obl(RedirectedMsiFuncsConv.obs)
643  msi.MsiViewFetch                                   iswi.obl(RedirectedMsiFuncsConv.obs)
644  program                                            iswi.obl(DriverConv.obs)
645  sfc.SRSetRestorePointW                             Setup.obs


***** External Variables *****
1    ADDREMOVE                                          iswi.obl(SysVarsConv.obs)
2    ADDREMOVE_COMBINEDBUTTON                           Setup.obs
3    ADDREMOVE_HIDECHANGEOPTION                         Setup.obs
4    ADDREMOVE_HIDEREMOVEOPTION                         Setup.obs
5    ADDREMOVE_HIDEREPAIROPTION                         Setup.obs
6    ADDREMOVE_STRING_REMOVEONLY                        Setup.obs
7    ADDREMOVE_SYSTEMCOMPONENT                          Setup.obs
8    ADMINUSER                                          Setup.obs
9    ALLUSERS                                           Setup.obs
10   AdminToolsFolder                                   iswi.obl(DebugSymbolsConv.obs)
11   AppDataFolder                                      iswi.obl(DebugSymbolsConv.obs)
12   BASICMSI                                           iswi.obl(SysVarsConv.obs)
13   BATCH_INSTALL                                      Setup.obs
14   CMDLINE                                            iswi.obl(SysVarsConv.obs)
15   COMMONFILES                                        iswi.obl(SysVarsConv.obs)
16   COMMONFILES64                                      iswi.obl(SysVarsConv.obs)
17   CommonAppDataFolder                                iswi.obl(DebugSymbolsConv.obs)
18   CommonFiles64Folder                                iswi.obl(DebugSymbolsConv.obs)
19   CommonFilesFolder                                  iswi.obl(DebugSymbolsConv.obs)
20   DISABLE_ALLUSERBTN                                 Setup.obs
21   DISABLE_PERUSERBTN                                 Setup.obs
22   DISK1SETUPEXENAME                                  iswi.obl(SysVarsConv.obs)
23   DISK1TARGET                                        Setup.obs
24   DesktopFolder                                      iswi.obl(DebugSymbolsConv.obs)
25   ENABLED_ISERVICES                                  iswi.obl(SysVarsConv.obs)
26   ENGINECOMMONDIR                                    iswi.obl(SysVarsConv.obs)
27   ENGINEDIR                                          iswi.obl(SysVarsConv.obs)
28   ERRORFILENAME                                      Setup.obs
29   ERRORINFO                                          iswi.obl(ComponentConv.obs)
30   Err                                                Setup.obs
31   FEATURE                                            iswi.obl(ComponentConv.obs)
32   FILEERROR                                          iswi.obl(ComponentConv.obs)
33   FILETIME                                           Setup.obs
34   FIND_DATAW                                         Setup.obs
35   FOLDER_APPDATA                                     iswi.obl(SysVarsConv.obs)
36   FOLDER_COMMON_APPDATA                              iswi.obl(SysVarsConv.obs)
37   FOLDER_DESKTOP                                     iswi.obl(SysVarsConv.obs)
38   FOLDER_DOTNET_10                                   iswi.obl(SysVarsConv.obs)
39   FOLDER_DOTNET_11                                   iswi.obl(SysVarsConv.obs)
40   FOLDER_DOTNET_20                                   iswi.obl(SysVarsConv.obs)
41   FOLDER_DOTNET_30                                   iswi.obl(SysVarsConv.obs)
42   FOLDER_DOTNET_35                                   iswi.obl(SysVarsConv.obs)
43   FOLDER_DOTNET_40                                   iswi.obl(SysVarsConv.obs)
44   FOLDER_FONTS                                       iswi.obl(SysVarsConv.obs)
45   FOLDER_LOCAL_APPDATA                               iswi.obl(SysVarsConv.obs)
46   FOLDER_PERSONAL                                    iswi.obl(SysVarsConv.obs)
47   FOLDER_PROGRAMS                                    iswi.obl(SysVarsConv.obs)
48   FOLDER_STARTMENU                                   iswi.obl(SysVarsConv.obs)
49   FOLDER_STARTUP                                     iswi.obl(SysVarsConv.obs)
50   FOLDER_TEMP                                        iswi.obl(SysVarsConv.obs)
51   FavoritesFolder                                    iswi.obl(DebugSymbolsConv.obs)
52   FileRegistrar                                      Setup.obs
53   FontsFolder                                        iswi.obl(DebugSymbolsConv.obs)
54   HIDE_DISABLED_BTNS                                 Setup.obs
55   HKEYCURRENTROOTKEY                                 Setup.obs
56   IFX_COMPANY_NAME                                   Setup.obs
57   IFX_INSTALLED_DISPLAY_VERSION                      Setup.obs
58   IFX_INSTALLED_VERSION                              Setup.obs
59   IFX_KEYPATH_PRODUCT_INFO                           Setup.obs
60   IFX_MULTI_INSTANCE_SUFFIX                          Setup.obs
61   IFX_NETAPI_GROUP                                   Setup.obs
62   IFX_NETAPI_PASSWORD                                Setup.obs
63   IFX_NETAPI_USER_ACCOUNT                            Setup.obs
64   IFX_OPEN_RESTORE_POINT                             isrt.obl(PCRestore.obs)
65   IFX_PRODUCT_COMMENTS                               Setup.obs
66   IFX_PRODUCT_DISPLAY_NAME                           Setup.obs
67   IFX_PRODUCT_DISPLAY_VERSION                        Setup.obs
68   IFX_PRODUCT_ICON                                   Setup.obs
69   IFX_PRODUCT_KEY                                    Setup.obs
70   IFX_PRODUCT_NAME                                   Setup.obs
71   IFX_PRODUCT_README                                 Setup.obs
72   IFX_PRODUCT_REGISTEREDCOMPANY                      Setup.obs
73   IFX_PRODUCT_REGISTEREDOWNER                        Setup.obs
74   IFX_PRODUCT_REGISTEREDSERIALNUM                    Setup.obs
75   IFX_PRODUCT_SUPPORT_CONTACT                        Setup.obs
76   IFX_PRODUCT_SUPPORT_PHONE                          Setup.obs
77   IFX_PRODUCT_SUPPORT_URL                            Setup.obs
78   IFX_PRODUCT_UPDATE_URL                             Setup.obs
79   IFX_PRODUCT_URL                                    Setup.obs
80   IFX_PRODUCT_VERSION                                Setup.obs
81   IFX_RESTORE_DISABLED                               isrt.obl(PCRestore.obs)
82   IFX_SETUP_TITLE                                    Setup.obs
83   IFX_SUPPORTED_VERSIONS                             Setup.obs
84   IISROOTFOLDER                                      iswi.obl(SysVarsConv.obs)
85   INSTALLDIR                                         Setup.obs
86   INSTALLSCRIPTMSI                                   iswi.obl(SysVarsConv.obs)
87   INSTALLSCRIPTMSIEEUI                               iswi.obl(SysVarsConv.obs)
88   INSTANCE_GUID                                      iswi.obl(SysVarsConv.obs)
89   ISDIFXAPPID                                        Setup.obs
90   ISMSI_HANDLE                                       iswi.obl(DebugSymbolsConv.obs)
91   ISRES                                              iswi.obl(SysVarsConv.obs)
92   ISUSER                                             iswi.obl(SysVarsConv.obs)
93   ISUTIL_FUNCTION_ACTUAL_ERROR                       Setup.obs
94   ISUTIL_FUNCTION_ERROR                              iswi.obl(CompHelperFuncs.obs)
95   ISUTIL_LINE_NUMBER                                 Setup.obs
96   ISUTIL_POSITIVE_ERROR                              iswi.obl(CompHelperFuncs.obs)
97   ISUTIL_SCRIPT_FILE                                 Setup.obs
98   ISVERSION                                          iswi.obl(SysVarsConv.obs)
99   IS_NULLSTR_PTR                                     Setup.obs
100  LAAW_PARAMETERS                                    Setup.obs
101  LAAW_SHELLEXECUTEINFO                              Setup.obs
102  LAAW_SHELLEXECUTEVERB                              Setup.obs
103  LAAW_STARTUPINFO                                   Setup.obs
104  LAST_RESULT                                        Setup.obs
105  LVITEMW                                            Setup.obs
106  LV_COLUMNW                                         Setup.obs
107  LocalAppDataFolder                                 iswi.obl(DebugSymbolsConv.obs)
108  LogDB                                              Setup.obs
109  MAINTENANCE                                        iswi.obl(SysVarsConv.obs)
110  MAINT_OPTION                                       iswi.obl(SysVarsConv.obs)
111  MEDIA                                              Setup.obs
112  MEDIA_INFO                                         iswi.obl(FeatureConv.obs)
113  MODE                                               Setup.obs
114  MULTI_INSTANCE_COUNT                               iswi.obl(SysVarsConv.obs)
115  MainWindow                                         Setup.obs
116  MyPicturesFolder                                   iswi.obl(DebugSymbolsConv.obs)
117  NOTHING                                            Setup.obs
118  NetHoodFolder                                      iswi.obl(DebugSymbolsConv.obs)
119  OSINFO_PLATFORM_INFO                               Setup.obs
120  OSINFO_PROCESSOR_INFO                              Setup.obs
121  OSVERSIONINFOEXW                                   Setup.obs
122  OSVERSIONINFOW                                     Setup.obs
123  Objects                                            Setup.obs
124  OriginalDatabase                                   iswi.obl(DebugSymbolsConv.obs)
125  PACKAGE_LOCATION                                   iswi.obl(SysVarsConv.obs)
126  PATCH                                              iswi.obl(DebugSymbolsConv.obs)
127  PRIVILEGED                                         Setup.obs
128  PRODUCT_GUID                                       iswi.obl(SysVarsConv.obs)
129  PROGRAMFILES                                       iswi.obl(SysVarsConv.obs)
130  PROGRAMFILES64                                     iswi.obl(SysVarsConv.obs)
131  PersonalFolder                                     iswi.obl(DebugSymbolsConv.obs)
132  PrintHoodFolder                                    iswi.obl(DebugSymbolsConv.obs)
133  ProgramFiles64Folder                               iswi.obl(DebugSymbolsConv.obs)
134  ProgramFilesFolder                                 iswi.obl(DebugSymbolsConv.obs)
135  ProgramMenuFolder                                  iswi.obl(DebugSymbolsConv.obs)
136  RECT                                               Setup.obs
137  REGDB_OPTIONS                                      Setup.obs
138  REINSTALLMODE                                      iswi.obl(SysVarsConv.obs)
139  REMOVEALLMODE                                      iswi.obl(SysVarsConv.obs)
140  REMOVEONLY                                         iswi.obl(SysVarsConv.obs)
141  RUN_ONCE_PROGRAM                                   iswi.obl(SysVarsConv.obs)
142  Reboot                                             Setup.obs
143  RecentFolder                                       iswi.obl(DebugSymbolsConv.obs)
144  SELECTED_LANGUAGE                                  iswi.obl(SysVarsConv.obs)
145  SERVICE_IS_PARAMS                                  Setup.obs
146  SETUPTYPE_STR_COMPACT                              Setup.obs
147  SETUPTYPE_STR_COMPLETE                             Setup.obs
148  SETUPTYPE_STR_CUSTOM                               Setup.obs
149  SETUPTYPE_STR_TYPICAL                              Setup.obs
150  SHAREDSUPPORTDIR                                   iswi.obl(SysVarsConv.obs)
151  SHELLEXECUTEINFOW                                  Setup.obs
152  SHELL_OBJECT_FOLDER                                Setup.obs
153  SHOW_PASSWORD_DIALOG                               iswi.obl(SysVarsConv.obs)
154  SRCDIR                                             Setup.obs
155  SRCDISK                                            iswi.obl(SysVarsConv.obs)
156  STANDARD_SELECTED_LANGUAGE                         iswi.obl(SysVarsConv.obs)
157  STARTUPINFOW                                       Setup.obs
158  SUITE_HOSTED                                       iswi.obl(SysVarsConv.obs)
159  SUPPORTDIR                                         iswi.obl(SysVarsConv.obs)
160  SYSINFO                                            Setup.obs
161  SYSPROCESSORINFO                                   Setup.obs
162  SYSTEMTIME                                         Setup.obs
163  SendToFolder                                       iswi.obl(DebugSymbolsConv.obs)
164  SetupInfo                                          Setup.obs
165  SourceDir                                          iswi.obl(DebugSymbolsConv.obs)
166  StartMenuFolder                                    iswi.obl(DebugSymbolsConv.obs)
167  StartupFolder                                      iswi.obl(DebugSymbolsConv.obs)
168  StatusDlg                                          Setup.obs
169  SuiteHost                                          Setup.obs
170  System16Folder                                     iswi.obl(DebugSymbolsConv.obs)
171  System64Folder                                     iswi.obl(DebugSymbolsConv.obs)
172  SystemFolder                                       iswi.obl(DebugSymbolsConv.obs)
173  TARGETDIR                                          Setup.obs
174  TARGETDISK                                         iswi.obl(SysVarsConv.obs)
175  TempFolder                                         iswi.obl(DebugSymbolsConv.obs)
176  TemplateFolder                                     iswi.obl(DebugSymbolsConv.obs)
177  TextSub                                            Setup.obs
178  UNINST                                             Setup.obs
179  UNINSTALLKEY                                       Setup.obs
180  UNINSTALL_DISPLAYNAME                              Setup.obs
181  UNINSTALL_STRING                                   Setup.obs
182  UPDATEMODE                                         Setup.obs
183  WINDIR                                             iswi.obl(SysVarsConv.obs)
184  WINDISK                                            iswi.obl(SysVarsConv.obs)
185  WINSYSDIR                                          iswi.obl(SysVarsConv.obs)
186  WINSYSDIR64                                        iswi.obl(SysVarsConv.obs)
187  WINSYSDISK                                         iswi.obl(SysVarsConv.obs)
188  WindowsFolder                                      iswi.obl(DebugSymbolsConv.obs)
189  WindowsVolume                                      iswi.obl(DebugSymbolsConv.obs)
190  _INT64                                             Setup.obs
191  _LAAW_PARAMETERS                                   Setup.obs
192  _RESTOREPOINTINFO                                  Setup.obs
193  _SERVICE_IS_PARAMS                                 Setup.obs
194  _STATEMGRSTATUS                                    Setup.obs
195  _WIN9X                                             Setup.obs
196  _WINNT                                             Setup.obs
197  __gbAliasingOff                                    iswi.obl(CompHelperFuncs.obs)
198  __gbCheckForUpdate                                 iswi.obl(CompHelperFuncs.obs)
199  __gbGetTarget                                      iswi.obl(CompHelperFuncs.obs)
200  __gbInitialized                                    iswi.obl(CompHelperFuncs.obs)
201  __gbInstallInfo                                    Setup.obs
202  __gbMaintenance                                    iswi.obl(CompHelperFuncs.obs)
203  __gbReopening                                      iswi.obl(CompHelperFuncs.obs)
204  __ghActiveDataBase                                 iswi.obl(CompHelperFuncs.obs)
205  __ghErrFileHandle                                  iswi.obl(CompHelperFuncs.obs)
206  __ghMsiInstall                                     iswi.obl(CompHelperFuncs.obs)
207  __gnButtonSelected                                 iswi.obl(CompHelperFuncs.obs)
208  __gnLastError                                      iswi.obl(CompHelperFuncs.obs)
209  __gnMsiReturn                                      iswi.obl(CompHelperFuncs.obs)
210  __gnOSMask                                         iswi.obl(CompHelperFuncs.obs)
211  __gnScriptMode                                     iswi.obl(CompHelperFuncs.obs)
212  __goISDriver                                       iswi.obl(CompHelperFuncs.obs)
213  __goMsiServer                                      iswi.obl(CompHelperFuncs.obs)
214  __gsINSTALLDIR                                     iswi.obl(CompHelperFuncs.obs)
215  __gsProductGuid                                    iswi.obl(CompHelperFuncs.obs)
216  __gsSourceDir                                      iswi.obl(CompHelperFuncs.obs)
217  __hContext                                         Setup.obs
218  __objGlobalTextSub                                 Setup.obs
219  __objStringTable                                   iswi.obl(ISWiInit.obs)
220  __szGUID                                           Setup.obs
221  bBackButton                                        Setup.obs
222  bCancelButton                                      Setup.obs
223  bEnterDiskBeep                                     Setup.obs
224  bFinishButton                                      Setup.obs
225  bInstall16                                         Setup.obs
226  bNextButton                                        Setup.obs
227  bSdInit                                            Setup.obs
228  bViewCmptKunits                                    Setup.obs
229  bViewCmptUseDecimal                                Setup.obs
230  g_bSuppressMissingStringWarning                    iswi.obl(DriverConv.obs)
231  g_nDlgAskPath                                      Setup.obs
232  nDlgMessageBox                                     Setup.obs
233  nDlgSelectDir                                      Setup.obs
234  nDlgSetupType2                                     Setup.obs
235  nDlgSprintfBox                                     Setup.obs
236  nSdAskDestPath                                     Setup.obs
237  nSdComponentTree                                   Setup.obs
238  nSdDiskSpaceRequirements                           Setup.obs
239  nSdFinish                                          Setup.obs
240  nSdFinishReboot                                    Setup.obs
241  nSdOutOfDiskSpace                                  Setup.obs
242  nSdPatchWelcome                                    Setup.obs
243  nSdRegisterUser                                    Setup.obs
244  nSdStartCopy2                                      Setup.obs
245  nSdWelcome                                         Setup.obs
246  nSdWelcomeMaint                                    Setup.obs
247  szAppKey                                           Setup.obs
248  szSdProduct                                        Setup.obs
249  szSdStr_NotEnoughSpace                             Setup.obs
